2025-12-10 09:21:04 script started
2025-12-10 09:27:26 script started
2025-12-10 09:30:01 script started
2025-12-10 09:35:08 - Script started
2025-12-10 09:41:01 - Script started
2025-12-10 09:42:01 - Script started
2025-12-10 09:43:01 - Script started
2025-12-10 09:44:01 - Script started
2025-12-10 09:45:01 - Script started
2025-12-10 09:46:01 - Script started
2025-12-10 09:47:01 - Script started
2025-12-10 09:47:16 - Script started
2025-12-10 09:48:01 - Script started
2025-12-10 09:48:13 - Script started
2025-12-10 09:48:30 - Script started
2025-12-10 09:49:01 - Script started
2025-12-10 09:49:18 - Script started
2025-12-10 09:50:01 - Script started
2025-12-10 09:51:01 - Script started
2025-12-10 09:52:01 - Script started
2025-12-10 09:53:01 - Script started
2025-12-10 09:53:41 - Script started
2025-12-10 09:54:01 - Script started
2025-12-10 09:54:25 - Script started
2025-12-10 09:55:01 - Script started
2025-12-10 09:56:01 - Script started
2025-12-10 09:56:21 - Script started
2025-12-10 09:57:01 - Script started
2025-12-10 09:57:56 - Script started
2025-12-10 09:58:01 - Script started
2025-12-10 09:58:07 - Script started
2025-12-10 09:59:01 - Script started
2025-12-10 10:00:01 - Script started
2025-12-10 10:01:01 - Script started
2025-12-10 10:01:21 - Script started
2025-12-10 05:01:22 - Sent email to jlipinsk@mail.umw.edu
2025-12-10 05:01:22 - Script finished
2025-12-10 10:02:01 - Script started
2025-12-10 05:02:01 - Script finished
2025-12-10 10:03:01 - Script started
2025-12-10 05:03:02 - Sent email to jlipinsk@mail.umw.edu
2025-12-10 05:03:02 - Script finished
2025-12-10 10:04:01 - Script started
2025-12-10 05:04:01 - Script finished
2025-12-10 10:05:01 - Script started
2025-12-10 05:05:02 - Sent email to acarmich@mail.umw.edu
2025-12-10 05:05:02 - Sent email to aidanmeyer32@gmail.com
2025-12-10 05:05:03 - Sent email to example@example.com
2025-12-10 05:05:04 - Sent email to fred54321@gmail.com
2025-12-10 05:05:04 - Sent email to supersonicemd@gmail.com
2025-12-10 05:05:05 - Sent email to example@test.com
2025-12-10 05:05:05 - Sent email to jlipinsk@mail.umw.edu
2025-12-10 05:05:06 - Sent email to volunteer@volunteer.com
2025-12-10 05:05:06 - Sent email to mvanbure@mail.umw.edu
2025-12-10 05:05:07 - Sent email to michaelsmith@email.com
2025-12-10 05:05:07 - Sent email to michelle.vb@gmail.com
2025-12-10 05:05:08 - Sent email to example@example.com
2025-12-10 05:05:08 - Sent email to test@gmail.com
2025-12-10 05:05:09 - Sent email to testing@gmail.com
2025-12-10 05:05:09 - Sent email to testerana@gmail.com
2025-12-10 05:05:10 - Sent email to tester@gmail.com
2025-12-10 05:05:11 - Sent email to example@email.com
2025-12-10 05:05:11 - Sent email to toaster@gmail.com
2025-12-10 05:05:12 - Sent email to volly@gmail.com
2025-12-10 05:05:12 - Sent email to mcdonalds@happymeal.com
2025-12-10 05:05:12 - Script finished
2025-12-10 10:06:01 - Script started
2025-12-10 05:06:01 - Script finished
2025-12-10 12:00:01 - Script started
2025-12-10 07:00:01 - Script finished
2025-12-11 00:00:01 - Script started
2025-12-10 19:00:01 - Script finished
2025-12-11 12:00:01 - Script started
2025-12-11 07:00:01 - Script finished
2025-12-12 00:00:01 - Script started
2025-12-11 19:00:01 - Script finished
2025-12-12 12:00:01 - Script started
2025-12-12 07:00:01 - Script finished
2025-12-13 00:00:01 - Script started
2025-12-12 19:00:01 - Script finished
2025-12-13 12:00:01 - Script started
2025-12-13 07:00:01 - Script finished
2025-12-14 00:00:01 - Script started
2025-12-13 19:00:01 - Script finished
2025-12-14 12:00:01 - Script started
2025-12-14 07:00:01 - Script finished
2025-12-15 00:00:01 - Script started
2025-12-14 19:00:01 - Script finished
2025-12-15 12:00:01 - Script started
2025-12-15 07:00:01 - Script finished
2025-12-16 00:00:01 - Script started
2025-12-15 19:00:01 - Script finished
2025-12-16 12:00:01 - Script started
2025-12-16 07:00:01 - Script finished
2025-12-17 00:00:01 - Script started
2025-12-16 19:00:01 - Script finished
2025-12-17 12:00:01 - Script started
2025-12-17 07:00:01 - Script finished
2025-12-18 00:00:01 - Script started
2025-12-17 19:00:01 - Script finished
2025-12-18 12:00:01 - Script started
2025-12-18 07:00:01 - Script finished
2025-12-19 00:00:01 - Script started
2025-12-18 19:00:01 - Script finished
2025-12-19 12:00:01 - Script started
2025-12-19 07:00:01 - Script finished
2025-12-20 00:00:01 - Script started
2025-12-19 19:00:01 - Script finished
2025-12-20 12:00:01 - Script started
2025-12-20 07:00:01 - Script finished
2025-12-21 00:00:01 - Script started
2025-12-20 19:00:01 - Script finished
2025-12-21 12:00:01 - Script started
2025-12-21 07:00:01 - Script finished
2025-12-22 00:00:01 - Script started
2025-12-21 19:00:01 - Script finished
2025-12-22 12:00:01 - Script started
2025-12-22 07:00:01 - Script finished
2025-12-23 00:00:01 - Script started
2025-12-22 19:00:01 - Script finished
2025-12-23 12:00:02 - Script started
2025-12-23 07:00:02 - Script finished
2025-12-24 00:00:01 - Script started
2025-12-23 19:00:01 - Script finished
2025-12-24 12:00:01 - Script started
2025-12-24 07:00:01 - Script finished
2025-12-25 00:00:01 - Script started
2025-12-24 19:00:01 - Script finished
2025-12-25 12:00:01 - Script started
2025-12-25 07:00:01 - Script finished
2025-12-26 00:00:01 - Script started
2025-12-25 19:00:01 - Script finished
2025-12-26 12:00:01 - Script started
2025-12-26 07:00:01 - Script finished
2025-12-27 00:00:01 - Script started
2025-12-26 19:00:01 - Script finished
2025-12-27 12:00:01 - Script started
2025-12-27 07:00:01 - Script finished
2025-12-28 00:00:01 - Script started
2025-12-27 19:00:01 - Script finished
2025-12-28 12:00:01 - Script started
2025-12-28 07:00:01 - Script finished
2025-12-29 00:00:02 - Script started
2025-12-28 19:00:02 - Script finished
2025-12-29 12:00:01 - Script started
2025-12-29 07:00:01 - Script finished
2025-12-30 00:00:01 - Script started
2025-12-29 19:00:01 - Script finished
2025-12-30 12:00:01 - Script started
2025-12-30 07:00:01 - Script finished
2025-12-31 00:00:01 - Script started
2025-12-30 19:00:01 - Script finished
2025-12-31 12:00:01 - Script started
2025-12-31 07:00:01 - Script finished
2026-01-01 00:00:01 - Script started
2025-12-31 19:00:01 - Script finished
2026-01-01 12:00:01 - Script started
2026-01-01 07:00:01 - Script finished
2026-01-02 00:00:01 - Script started
2026-01-01 19:00:01 - Script finished
2026-01-02 12:00:01 - Script started
2026-01-02 07:00:01 - Script finished
2026-01-03 00:00:01 - Script started
2026-01-02 19:00:01 - Script finished
2026-01-03 12:00:01 - Script started
2026-01-03 07:00:01 - Script finished
2026-01-04 00:00:01 - Script started
2026-01-03 19:00:01 - Script finished
2026-01-04 12:00:01 - Script started
2026-01-04 07:00:01 - Script finished
2026-01-05 00:00:01 - Script started
2026-01-04 19:00:01 - Script finished
2026-01-05 12:00:01 - Script started
2026-01-05 07:00:01 - Script finished
2026-01-06 00:00:01 - Script started
2026-01-05 19:00:01 - Script finished
2026-01-06 12:00:01 - Script started
2026-01-06 07:00:01 - Script finished
2026-01-07 00:00:01 - Script started
2026-01-06 19:00:02 - Script finished
2026-01-07 12:00:01 - Script started
2026-01-07 07:00:01 - Script finished
2026-01-08 00:00:01 - Script started
2026-01-07 19:00:01 - Script finished
2026-01-08 12:00:01 - Script started
2026-01-08 07:00:01 - Script finished
2026-01-09 00:00:01 - Script started
2026-01-08 19:00:01 - Script finished
2026-01-09 12:00:01 - Script started
2026-01-09 07:00:01 - Script finished
2026-01-10 00:00:01 - Script started
2026-01-09 19:00:01 - Script finished
2026-01-10 12:00:01 - Script started
2026-01-10 07:00:01 - Script finished
2026-01-11 00:00:01 - Script started
2026-01-10 19:00:01 - Script finished
2026-01-11 12:00:01 - Script started
2026-01-11 07:00:01 - Script finished
2026-01-12 00:00:01 - Script started
2026-01-11 19:00:01 - Script finished
2026-01-12 12:00:01 - Script started
2026-01-12 07:00:01 - Script finished
2026-01-13 00:00:01 - Script started
2026-01-12 19:00:02 - Script finished
2026-01-13 12:00:01 - Script started
2026-01-13 07:00:01 - Script finished
2026-01-14 00:00:01 - Script started
2026-01-13 19:00:01 - Script finished
2026-01-14 12:00:01 - Script started
2026-01-14 07:00:02 - Script finished
2026-01-15 00:00:01 - Script started
2026-01-14 19:00:02 - Script finished
2026-01-15 12:00:01 - Script started
2026-01-15 07:00:01 - Script finished
2026-01-16 00:00:01 - Script started
2026-01-15 19:00:01 - Script finished
2026-01-16 12:00:01 - Script started
2026-01-16 07:00:01 - Script finished
2026-01-17 00:00:01 - Script started
2026-01-16 19:00:01 - Script finished
2026-01-17 12:00:01 - Script started
2026-01-17 07:00:01 - Script finished
2026-01-18 00:00:01 - Script started
2026-01-17 19:00:01 - Script finished
2026-01-18 12:00:01 - Script started
2026-01-18 07:00:01 - Script finished
2026-01-19 00:00:01 - Script started
2026-01-18 19:00:01 - Script finished
2026-01-19 12:00:01 - Script started
2026-01-19 07:00:01 - Script finished
2026-01-20 00:00:01 - Script started
2026-01-19 19:00:01 - Script finished
2026-01-20 12:00:01 - Script started
2026-01-20 07:00:01 - Script finished
2026-01-21 00:00:01 - Script started
2026-01-20 19:00:01 - Script finished
2026-01-21 12:00:01 - Script started
2026-01-21 07:00:01 - Script finished
2026-01-22 00:00:01 - Script started
2026-01-21 19:00:01 - Script finished
2026-01-22 12:00:01 - Script started
2026-01-22 07:00:01 - Script finished
2026-01-23 00:00:01 - Script started
2026-01-22 19:00:01 - Script finished
2026-01-23 12:00:01 - Script started
2026-01-23 07:00:01 - Script finished
2026-01-24 00:00:01 - Script started
2026-01-23 19:00:01 - Script finished
2026-01-24 12:00:01 - Script started
2026-01-24 07:00:01 - Script finished
2026-01-25 00:00:01 - Script started
2026-01-24 19:00:02 - Script finished
2026-01-25 12:00:01 - Script started
2026-01-25 07:00:01 - Script finished
2026-01-26 00:00:01 - Script started
2026-01-25 19:00:01 - Script finished
2026-01-26 12:00:01 - Script started
2026-01-26 07:00:01 - Script finished
2026-01-27 00:00:01 - Script started
2026-01-26 19:00:01 - Script finished
2026-01-27 12:00:01 - Script started
2026-01-27 07:00:01 - Script finished
2026-01-28 00:00:01 - Script started
2026-01-27 19:00:01 - Script finished
2026-01-28 12:00:01 - Script started
2026-01-28 07:00:01 - Script finished
2026-01-29 00:00:01 - Script started
2026-01-28 19:00:01 - Script finished
2026-01-29 12:00:01 - Script started
2026-01-29 07:00:01 - Script finished
2026-01-30 00:00:01 - Script started
2026-01-29 19:00:01 - Script finished
2026-01-30 12:00:02 - Script started
2026-01-30 07:00:02 - Script finished
2026-01-31 00:00:01 - Script started
2026-01-30 19:00:01 - Script finished
2026-01-31 12:00:01 - Script started
2026-01-31 07:00:01 - Script finished
2026-02-01 00:00:01 - Script started
2026-01-31 19:00:01 - Script finished
2026-02-01 12:00:01 - Script started
2026-02-01 07:00:01 - Script finished
2026-02-02 00:00:01 - Script started
2026-02-01 19:00:01 - Script finished
2026-02-02 12:00:01 - Script started
2026-02-02 07:00:01 - Script finished
2026-02-03 00:00:01 - Script started
2026-02-02 19:00:01 - Script finished
2026-02-03 12:00:01 - Script started
2026-02-03 07:00:01 - Script finished
2026-02-04 00:00:01 - Script started
2026-02-03 19:00:02 - Script finished
2026-02-04 12:00:01 - Script started
2026-02-04 07:00:01 - Script finished
2026-02-05 00:00:01 - Script started
2026-02-04 19:00:01 - Script finished
2026-02-05 12:00:01 - Script started
2026-02-05 07:00:01 - Script finished
2026-02-06 00:00:01 - Script started
2026-02-05 19:00:01 - Script finished
2026-02-06 12:00:01 - Script started
2026-02-06 07:00:01 - Script finished
2026-02-07 00:00:01 - Script started
2026-02-06 19:00:01 - Sent email to acarmich@mail.umw.edu
2026-02-06 19:00:02 - Sent email to aidanmeyer32@gmail.com
2026-02-06 19:00:02 - Sent email to example@example.com
2026-02-06 19:00:03 - Sent email to fred54321@gmail.com
2026-02-06 19:00:04 - Sent email to brian2@prelle.net
2026-02-06 19:00:04 - Sent email to example@test.com
2026-02-06 19:00:05 - Sent email to fakeemail@email.email.com
2026-02-06 19:00:05 - Sent email to realemail@gmail.com
2026-02-06 19:00:06 - Sent email to gabrielcourtney04@gmail.com
2026-02-06 19:00:06 - Sent email to jenniferpolack@gmail.com
2026-02-06 19:00:07 - Sent email to jlipinsk@mail.umw.edu
2026-02-06 19:00:08 - Sent email to volunteer@volunteer.com
2026-02-06 19:00:08 - Sent email to mvanbure@mail.umw.edu
2026-02-06 19:00:09 - Sent email to michaelsmith@email.com
2026-02-06 19:00:09 - Sent email to michelle.vb@gmail.com
2026-02-06 19:00:10 - Sent email to example@example.com
2026-02-06 19:00:11 - Sent email to oliviablue@gmail.com
2026-02-06 19:00:11 - Sent email to test@gmail.com
2026-02-06 19:00:12 - Sent email to testing@gmail.com
2026-02-06 19:00:13 - Sent email to testerana@gmail.com
2026-02-06 19:00:13 - Sent email to tester@gmail.com
2026-02-06 19:00:14 - Sent email to example@email.com
2026-02-06 19:00:15 - Sent email to toaster@gmail.com
2026-02-06 19:00:15 - Sent email to volly@gmail.com
2026-02-06 19:00:16 - Sent email to mcdonalds@happymeal.com
2026-02-06 19:00:16 - Script finished
2026-02-07 12:00:01 - Script started
2026-02-07 07:00:01 - Script finished
2026-02-08 00:00:01 - Script started
2026-02-07 19:00:01 - Script finished
2026-02-08 12:00:01 - Script started
2026-02-08 07:00:01 - Script finished
2026-02-09 00:00:01 - Script started
2026-02-08 19:00:01 - Script finished
2026-04-07 23:45:33 - Script started
2026-04-07 17:45:34 - Sent email to acarmich@mail.umw.edu
2026-04-07 17:45:36 - Sent email to aidanmeyer32@gmail.com
2026-04-07 17:45:37 - Sent email to example@example.com
2026-04-07 17:45:40 - Sent email to blueythedingo@gmail.com
2026-04-07 17:45:41 - Sent email to fred54321@gmail.com
2026-04-07 17:45:43 - Sent email to brian2@prelle.net
2026-04-07 17:45:44 - Sent email to example@test.com
2026-04-07 17:45:46 - Sent email to fakeemail@email.email.com
2026-04-07 17:45:47 - Sent email to realemail@gmail.com
2026-04-07 17:45:48 - Sent email to gabrielcourtney04@gmail.com
2026-04-07 17:45:49 - Sent email to jenniferpolack@gmail.com
2026-04-07 17:45:50 - Sent email to jlipinsk@mail.umw.edu
2026-04-07 17:45:52 - Sent email to test@email.com
2026-04-07 17:45:53 - Sent email to kenzswain@gmail.com
2026-04-07 17:45:54 - Sent email to volunteer@volunteer.com
2026-04-07 17:45:55 - Sent email to mvanbure@mail.umw.edu
2026-04-07 17:45:56 - Sent email to michaelsmith@email.com
2026-04-07 17:45:57 - Sent email to michelle.vb@gmail.com
2026-04-07 17:45:58 - Sent email to mswain216@outlook.com
2026-04-07 17:46:00 - Sent email to example@example.com
2026-04-07 17:46:01 - Sent email to oliviablue@gmail.com
2026-04-07 17:46:02 - Sent email to test@gmail.com
2026-04-07 17:46:03 - Sent email to testing@gmail.com
2026-04-07 17:46:04 - Sent email to testerana@gmail.com
2026-04-07 17:46:06 - Sent email to mswain216@outlook.com
2026-04-07 17:46:06 - Script finished
